// Jest Snapshot v1, https://goo.gl/fbAQLP

exports[`Testing GifItem component should match the snapshot 1`] = `
<div>
  <div
    class="card"
  >
    <img
      alt="One Piece"
      src="https://slfajfl.com"
    />
    <p>
      One Piece
    </p>
  </div>
</div>
`;
